// Jest Snapshot v1, https://goo.gl/fbAQLP

exports[`Gameboard component Initialized board 1`] = `
<DocumentFragment>
  <div
    class="board"
  >
    <div
      class="square ocean-square"
    />
    <div
      class="square ship-square"
    />
    <div
      class="square ship-square"
    />
    <div
      class="square ship-square"
    />
    <div
      class="square ocean-square"
    />
    <div
      class="square ocean-square"
    />
    <div
      class="square ocean-square"
    />
    <div
      class="square ocean-square"
    />
    <div
      class="square ocean-square"
    />
    <div
      class="square ship-square"
    />
    <div
      class="square ocean-square"
    />
    <div
      class="square ocean-square"
    />
    <div
      class="square ocean-square"
    />
    <div
      class="square ocean-square"
    />
    <div
      class="square ocean-square"
    />
    <div
      class="square ocean-square"
    />
    <div
      class="square ocean-square"
    />
    <div
      class="square ocean-square"
    />
    <div
      class="square ocean-square"
    />
    <div
      class="square ship-square"
    />
    <div
      class="square ocean-square"
    />
    <div
      class="square ocean-square"
    />
    <div
      class="square ocean-square"
    />
    <div
      class="square ocean-square"
    />
    <div
      class="square ocean-square"
    />
    <div
      class="square ocean-square"
    />
    <div
      class="square ocean-square"
    />
    <div
      class="square ocean-square"
    />
    <div
      class="square ocean-square"
    />
    <div
      class="square ship-square"
    />
    <div
      class="square ocean-square"
    />
    <div
      class="square ocean-square"
    />
    <div
      class="square ocean-square"
    />
    <div
      class="square ocean-square"
    />
    <div
      class="square ocean-square"
    />
    <div
      class="square ocean-square"
    />
    <div
      class="square ocean-square"
    />
    <div
      class="square ocean-square"
    />
    <div
      class="square ocean-square"
    />
    <div
      class="square ocean-square"
    />
    <div
      class="square ocean-square"
    />
    <div
      class="square ocean-square"
    />
    <div
      class="square ocean-square"
    />
    <div
      class="square ocean-square"
    />
    <div
      class="square ocean-square"
    />
    <div
      class="square ocean-square"
    />
    <div
      class="square ocean-square"
    />
    <div
      class="square ocean-square"
    />
    <div
      class="square ocean-square"
    />
    <div
      class="square ocean-square"
    />
    <div
      class="square ocean-square"
    />
    <div
      class="square ocean-square"
    />
    <div
      class="square ocean-square"
    />
    <div
      class="square ocean-square"
    />
    <div
      class="square ocean-square"
    />
    <div
      class="square ocean-square"
    />
    <div
      class="square ocean-square"
    />
    <div
      class="square ocean-square"
    />
    <div
      class="square ocean-square"
    />
    <div
      class="square ocean-square"
    />
    <div
      class="square ocean-square"
    />
    <div
      class="square ocean-square"
    />
    <div
      class="square ocean-square"
    />
    <div
      class="square ocean-square"
    />
    <div
      class="square ocean-square"
    />
    <div
      class="square ocean-square"
    />
    <div
      class="square ocean-square"
    />
    <div
      class="square ocean-square"
    />
    <div
      class="square ocean-square"
    />
    <div
      class="square ocean-square"
    />
    <div
      class="square ocean-square"
    />
    <div
      class="square ocean-square"
    />
    <div
      class="square ocean-square"
    />
    <div
      class="square ocean-square"
    />
    <div
      class="square ocean-square"
    />
    <div
      class="square ocean-square"
    />
    <div
      class="square ocean-square"
    />
    <div
      class="square ocean-square"
    />
    <div
      class="square ocean-square"
    />
    <div
      class="square ocean-square"
    />
    <div
      class="square ocean-square"
    />
    <div
      class="square ocean-square"
    />
    <div
      class="square ocean-square"
    />
    <div
      class="square ocean-square"
    />
    <div
      class="square ocean-square"
    />
    <div
      class="square ocean-square"
    />
    <div
      class="square ocean-square"
    />
    <div
      class="square ocean-square"
    />
    <div
      class="square ocean-square"
    />
    <div
      class="square ocean-square"
    />
    <div
      class="square ocean-square"
    />
    <div
      class="square ocean-square"
    />
    <div
      class="square ocean-square"
    />
    <div
      class="square ocean-square"
    />
    <div
      class="square ocean-square"
    />
    <div
      class="square ocean-square"
    />
    <div
      class="square ocean-square"
    />
    <div
      class="square ocean-square"
    />
    <div
      class="square ocean-square"
    />
    <div
      class="square ocean-square"
    />
  </div>
</DocumentFragment>
`;
